metà=50
0 gradi=0
1 grado=1
2 gradi=2
3 gradi=3
4 gradi=4
5 gradi=5
6 gradi=6
7 gradi=7
8 gradi=8
9 gradi=9
10 gradi=10
11 gradi=11
12 gradi=12
13 gradi=13
14 gradi=14
15 gradi=15
16 gradi=16
17 gradi=17
18 gradi=18
19 gradi=19
20 gradi=20
21 gradi=21
22 gradi=22
23 gradi=23
24 gradi=24
25 gradi=25
26 gradi=26
27 gradi=27
28 gradi=28
29 gradi=29
30 gradi=30
31 gradi=31
32 gradi=32
33 gradi=33
34 gradi=34
35 gradi=35
36 gradi=36
37 gradi=37
38 gradi=38
39 gradi=39
zero gradi=0
uno grado=1
un grado=1
due gradi=2
tre gradi=3
quattro gradi=4
cinque gradi=5
sei gradi=6
sette gradi=7
otto gradi=8
nove gradi=9
dieci gradi=10
undici gradi=11
dodici gradi=12
tredici gradi=13
quattordici gradi=14
quindici gradi=15
sedici gradi=16
diciassette gradi=17
diciotto gradi=18
diciannove gradi=19
venti gradi=20
ventuno gradi=21
ventidue gradi=22
ventitre gradi=23
ventiquattro gradi=24
venticinque gradi=25
ventisei gradi=26
ventisette gradi=27
ventotto gradi=28
ventinove gradi=29
trenta gradi=30
trentuno gradi=31
trentadue gradi=32
trentatre gradi=33
trenaquattro gradi=34
trentacinque gradi=35
trentasei gradi=36
trenasette gradi=37
trentotto gradi=38
trentavove gradi=39
un po=1
un pochino=1
0=0
1=1
2=2
3=3
4=4
5=5
6=6
7=7
8=8
9=9
10=10
11=11
12=12
13=13
14=14
15=15
16=16
17=17
18=18
19=19
20=20
21=21
22=22
23=23
24=24
25=25
26=26
27=27
28=28
29=29
30=30
31=31
32=32
33=33
34=34
35=35
36=36
37=37
38=38
39=39
zero=0
uno=1
un=1
due=2
tre=3
quattro=4
cinque=5
sei=6
sette=7
otto=8
nove=9
dieci=10
undici=11
dodici=12
tredici=13
quattordici=14
quindici=15
sedici=16
diciassette=17
diciotto=18
diciannove=19
venti=20
ventuno=21
ventidue=22
ventitre=23
ventiquattro=24
venticinque=25
ventisei=26
ventisette=27
ventotto=28
ventinove=29
trenta=30
trentuno=31
trentadue=32
trentatre=33
trenaquattro=34
trentacinque=35
trentasei=36
trenasette=37
trentotto=38
trentavove=39